BL51 BANKED LINKER/LOCATER V6.22.4.0                                                    11/19/2024  16:38:30  PAGE 1


BL51 BANKED LINKER/LOCATER V6.22.4.0, INVOKED BY:
D:\APP\KEIL_V5\C51\BIN\BL51.EXE .\Output\STARTUP.obj, .\Output\adc.obj, .\Output\delay.obj, .\Output\eeprom.obj, .\Outpu
>> t\gpio.obj, .\Output\modbus.obj, .\Output\ntc.obj, .\Output\pwm.obj, .\Output\timer.obj, .\Output\uart.obj, .\Output\
>> screen.obj, .\Output\key.obj, .\Output\main.obj TO .\Output\HGB06_QM_test01_20241113 PRINT (.\Listings\HGB06_QM_test0
>> 1_20241113.m51) RAMSIZE (256)


MEMORY MODEL: LARGE


INPUT MODULES INCLUDED:
  .\Output\STARTUP.obj (?C_STARTUP)
  .\Output\adc.obj (ADC)
  .\Output\delay.obj (DELAY)
  .\Output\eeprom.obj (EEPROM)
  .\Output\gpio.obj (GPIO)
  .\Output\modbus.obj (MODBUS)
  .\Output\ntc.obj (NTC)
  .\Output\pwm.obj (PWM)
  .\Output\timer.obj (TIMER)
  .\Output\uart.obj (UART)
  .\Output\screen.obj (SCREEN)
  .\Output\key.obj (KEY)
  .\Output\main.obj (MAIN)
  D:\APP\KEIL_V5\C51\LIB\C51L.LIB (?C_INIT)
  D:\APP\KEIL_V5\C51\LIB\C51L.LIB (?C?CLDPTR)
  D:\APP\KEIL_V5\C51\LIB\C51L.LIB (?C?UIDIV)
  D:\APP\KEIL_V5\C51\LIB\C51L.LIB (?C?ILDIX)
  D:\APP\KEIL_V5\C51\LIB\C51L.LIB (?C?ILDOPTR)
  D:\APP\KEIL_V5\C51\LIB\C51L.LIB (PRINTF)
  D:\APP\KEIL_V5\C51\LIB\C51L.LIB (?C?CLDOPTR)
  D:\APP\KEIL_V5\C51\LIB\C51L.LIB (?C?CSTPTR)
  D:\APP\KEIL_V5\C51\LIB\C51L.LIB (?C?PLDIXDATA)
  D:\APP\KEIL_V5\C51\LIB\C51L.LIB (?C?PSTXDATA)
  D:\APP\KEIL_V5\C51\LIB\C51L.LIB (?C?CCASE)


LINK MAP OF MODULE:  .\Output\HGB06_QM_test01_20241113 (?C_STARTUP)


            TYPE    BASE      LENGTH    RELOCATION   SEGMENT NAME
            -----------------------------------------------------

            * * * * * * *   D A T A   M E M O R Y   * * * * * * *
            REG     0000H     0008H     ABSOLUTE     "REG BANK 0"
            DATA    0008H     0005H     UNIT         _DATA_GROUP_
            DATA    000DH     0002H     UNIT         ?DT?_DELAY_MS?DELAY
                    000FH     0011H                  *** GAP ***
            BIT     0020H.0   0001H.1   UNIT         _BIT_GROUP_
            BIT     0021H.1   0000H.1   UNIT         ?BI?TIMER
            BIT     0021H.2   0000H.1   UNIT         ?BI?UART
                    0021H.3   0000H.5                *** GAP ***
            IDATA   0022H     0001H     UNIT         ?STACK

            * * * * * * *  X D A T A   M E M O R Y  * * * * * * *
            XDATA   0000H     00F2H     UNIT         ?XD?NTC
            XDATA   00F2H     0028H     UNIT         _XDATA_GROUP_
            XDATA   011AH     0018H     UNIT         ?XD?SCREEN
BL51 BANKED LINKER/LOCATER V6.22.4.0                                                  11/19/2024  16:38:30  PAGE 2


            XDATA   0132H     0008H     UNIT         ?XD?_LOOKUPTABLE?NTC
            XDATA   013AH     0005H     UNIT         ?XD?_GET_TEMP?NTC
            XDATA   013FH     0003H     UNIT         ?XD?_UART1SENDSTR?UART
            XDATA   0142H     0001H     UNIT         ?XD?TIMER
            XDATA   0143H     0001H     UNIT         ?XD?MAIN

            * * * * * * *   C O D E   M E M O R Y   * * * * * * *
            CODE    0000H     0003H     ABSOLUTE     
            CODE    0003H     0008H     UNIT         ?PR?_UART1SENDBYTE?UART
            CODE    000BH     0003H     ABSOLUTE     
            CODE    000EH     000DH     UNIT         ?PR?ISPIDLE?EEPROM
            CODE    001BH     0003H     ABSOLUTE     
            CODE    001EH     0004H     UNIT         ?PR?PWMSTART?PWM
            CODE    0022H     0001H     UNIT         ?PR?TIM0ISR?TIMER
            CODE    0023H     0003H     ABSOLUTE     
            CODE    0026H     0075H     UNIT         ?PR?_CHANNEL_DIS?SCREEN
            CODE    009BH     0003H     ABSOLUTE     
            CODE    009EH     0365H     UNIT         ?PR?PRINTF?PRINTF
            CODE    0403H     0141H     UNIT         ?C?LIB_CODE
            CODE    0544H     0134H     UNIT         ?C_INITSEG
            CODE    0678H     00AFH     UNIT         ?PR?_NUM_DIS?SCREEN
            CODE    0727H     0090H     UNIT         ?PR?MAIN?MAIN
            CODE    07B7H     008CH     UNIT         ?C_C51STARTUP
            CODE    0843H     0081H     UNIT         ?PR?_LOOKUPTABLE?NTC
            CODE    08C4H     0073H     UNIT         ?PR?_WIND_DIS?SCREEN
            CODE    0937H     0072H     UNIT         ?PR?_GET_TEMP?NTC
            CODE    09A9H     0033H     UNIT         ?PR?_UART1SENDSTR?UART
            CODE    09DCH     002EH     UNIT         ?PR?LCD_CLEAR?SCREEN
            CODE    0A0AH     002CH     UNIT         ?PR?_TM1722_WRITE_BYTE?SCREEN
            CODE    0A36H     0028H     UNIT         ?PR?PWM5INIT?PWM
            CODE    0A5EH     0025H     UNIT         ?PR?_GET_ADC12BITRESULT?ADC
            CODE    0A83H     0021H     UNIT         ?PR?TIM1ISR?TIMER
            CODE    0AA4H     0020H     UNIT         ?PR?_DELAY_MS?DELAY
            CODE    0AC4H     001FH     UNIT         ?PR?_ISP_WRITE?EEPROM
            CODE    0AE3H     001DH     UNIT         ?PR?_ISP_READ?EEPROM
            CODE    0B00H     001DH     UNIT         ?CO?MAIN
            CODE    0B1DH     001BH     UNIT         ?PR?_ISP_EARSE?EEPROM
            CODE    0B38H     001BH     UNIT         ?PR?SUN_DIS?SCREEN
            CODE    0B53H     001BH     UNIT         ?PR?SYNC_DIS?SCREEN
            CODE    0B6EH     001BH     UNIT         ?PR?ALARM_DIS?SCREEN
            CODE    0B89H     001BH     UNIT         ?PR?F_DIS?SCREEN
            CODE    0BA4H     001BH     UNIT         ?PR?M_DIS?SCREEN
            CODE    0BBFH     001BH     UNIT         ?PR?R_DIS?SCREEN
            CODE    0BDAH     001BH     UNIT         ?PR?CELSIUS_DIS?SCREEN
            CODE    0BF5H     001BH     UNIT         ?PR?MODE_DIS?SCREEN
            CODE    0C10H     001BH     UNIT         ?PR?PERCENTAGE_DIS?SCREEN
            CODE    0C2BH     001BH     UNIT         ?PR?CUR_DIS?SCREEN
            CODE    0C46H     001BH     UNIT         ?PR?SET_DIS?SCREEN
            CODE    0C61H     001BH     UNIT         ?PR?FAN_CENTER_DIS?SCREEN
            CODE    0C7CH     001BH     UNIT         ?PR?FAN_LEAF1_DIS?SCREEN
            CODE    0C97H     001BH     UNIT         ?PR?FAN_LEAF2_DIS?SCREEN
            CODE    0CB2H     001AH     UNIT         ?PR?LCD_INIT?SCREEN
            CODE    0CCCH     0015H     UNIT         ?PR?UART1INIT?UART
            CODE    0CE1H     0014H     UNIT         ?PR?_DELAY_US?DELAY
            CODE    0CF5H     0014H     UNIT         ?PR?GPIOINIT?GPIO
            CODE    0D09H     0013H     UNIT         ?PR?TIM0INIT?TIMER
            CODE    0D1CH     0013H     UNIT         ?PR?TIM1INIT?TIMER
BL51 BANKED LINKER/LOCATER V6.22.4.0                                                  11/19/2024  16:38:30  PAGE 3


            CODE    0D2FH     0013H     UNIT         ?PR?_LCD_WRITE_VAL?SCREEN
            CODE    0D42H     0010H     UNIT         ?PR?TIM3INIT?TIMER
            CODE    0D52H     000DH     UNIT         ?PR?UART1ISR?UART
            CODE    0D5FH     000CH     UNIT         ?PR?ADCINIT?ADC
            CODE    0D6BH     0009H     UNIT         ?PR?_PWMSET?PWM
            CODE    0D74H     0008H     UNIT         ?PR?_PUTCHAR?UART
            CODE    0D7CH     0008H     UNIT         ?PR?LCD_DISPLAY?SCREEN
            CODE    0D84H     0004H     UNIT         ?PR?PWMSTOP?PWM
            CODE    0D88H     0001H     UNIT         ?PR?TIM3ISR?TIMER



OVERLAY MAP OF MODULE:   .\Output\HGB06_QM_test01_20241113 (?C_STARTUP)


SEGMENT                                  BIT_GROUP          DATA_GROUP          XDATA_GROUP
  +--> CALLED SEGMENT                 START    LENGTH     START    LENGTH     START    LENGTH
---------------------------------------------------------------------------------------------
?C_C51STARTUP                         -----    -----      -----    -----      -----    -----
  +--> ?PR?MAIN?MAIN
  +--> ?C_INITSEG

?PR?MAIN?MAIN                         -----    -----      -----    -----      -----    -----
  +--> ?PR?GPIOINIT?GPIO
  +--> ?PR?ADCINIT?ADC
  +--> ?PR?UART1INIT?UART
  +--> ?PR?TIM0INIT?TIMER
  +--> ?PR?TIM1INIT?TIMER
  +--> ?PR?TIM3INIT?TIMER
  +--> ?PR?PWM5INIT?PWM
  +--> ?PR?PWMSTART?PWM
  +--> ?PR?LCD_INIT?SCREEN
  +--> ?PR?_WIND_DIS?SCREEN
  +--> ?PR?_NUM_DIS?SCREEN
  +--> ?PR?_CHANNEL_DIS?SCREEN
  +--> ?PR?SUN_DIS?SCREEN
  +--> ?PR?SYNC_DIS?SCREEN
  +--> ?PR?ALARM_DIS?SCREEN
  +--> ?PR?F_DIS?SCREEN
  +--> ?PR?M_DIS?SCREEN
  +--> ?PR?R_DIS?SCREEN
  +--> ?PR?CELSIUS_DIS?SCREEN
  +--> ?PR?MODE_DIS?SCREEN
  +--> ?PR?PERCENTAGE_DIS?SCREEN
  +--> ?PR?CUR_DIS?SCREEN
  +--> ?PR?SET_DIS?SCREEN
  +--> ?PR?FAN_CENTER_DIS?SCREEN
  +--> ?PR?_PWMSET?PWM
  +--> ?CO?MAIN
  +--> ?PR?PRINTF?PRINTF
  +--> ?PR?FAN_LEAF1_DIS?SCREEN
  +--> ?PR?FAN_LEAF2_DIS?SCREEN

?PR?LCD_INIT?SCREEN                   -----    -----      -----    -----      -----    -----
  +--> ?PR?_TM1722_WRITE_BYTE?SCREEN
  +--> ?PR?LCD_CLEAR?SCREEN
  +--> ?PR?LCD_DISPLAY?SCREEN
BL51 BANKED LINKER/LOCATER V6.22.4.0                                                  11/19/2024  16:38:30  PAGE 4



?PR?_TM1722_WRITE_BYTE?SCREEN         -----    -----      -----    -----      00F3H    0001H
  +--> ?PR?_DELAY_US?DELAY

?PR?LCD_CLEAR?SCREEN                  -----    -----      -----    -----      00F2H    0001H
  +--> ?PR?_TM1722_WRITE_BYTE?SCREEN

?PR?LCD_DISPLAY?SCREEN                -----    -----      -----    -----      -----    -----
  +--> ?PR?_TM1722_WRITE_BYTE?SCREEN

?PR?_WIND_DIS?SCREEN                  -----    -----      -----    -----      -----    -----
  +--> ?PR?_LCD_WRITE_VAL?SCREEN

?PR?_LCD_WRITE_VAL?SCREEN             -----    -----      -----    -----      00F2H    0001H
  +--> ?PR?_TM1722_WRITE_BYTE?SCREEN

?PR?_NUM_DIS?SCREEN                   -----    -----      -----    -----      -----    -----
  +--> ?PR?_LCD_WRITE_VAL?SCREEN

?PR?_CHANNEL_DIS?SCREEN               -----    -----      -----    -----      -----    -----
  +--> ?PR?_LCD_WRITE_VAL?SCREEN

?PR?SUN_DIS?SCREEN                    0020H.0  0000H.1    -----    -----      -----    -----
  +--> ?PR?_LCD_WRITE_VAL?SCREEN

?PR?SYNC_DIS?SCREEN                   0020H.0  0000H.1    -----    -----      -----    -----
  +--> ?PR?_LCD_WRITE_VAL?SCREEN

?PR?ALARM_DIS?SCREEN                  0020H.0  0000H.1    -----    -----      -----    -----
  +--> ?PR?_LCD_WRITE_VAL?SCREEN

?PR?F_DIS?SCREEN                      0020H.0  0000H.1    -----    -----      -----    -----
  +--> ?PR?_LCD_WRITE_VAL?SCREEN

?PR?M_DIS?SCREEN                      0020H.0  0000H.1    -----    -----      -----    -----
  +--> ?PR?_LCD_WRITE_VAL?SCREEN

?PR?R_DIS?SCREEN                      0020H.0  0000H.1    -----    -----      -----    -----
  +--> ?PR?_LCD_WRITE_VAL?SCREEN

?PR?CELSIUS_DIS?SCREEN                0020H.0  0000H.1    -----    -----      -----    -----
  +--> ?PR?_LCD_WRITE_VAL?SCREEN

?PR?MODE_DIS?SCREEN                   0020H.0  0000H.1    -----    -----      -----    -----
  +--> ?PR?_LCD_WRITE_VAL?SCREEN

?PR?PERCENTAGE_DIS?SCREEN             0020H.0  0000H.1    -----    -----      -----    -----
  +--> ?PR?_LCD_WRITE_VAL?SCREEN

?PR?CUR_DIS?SCREEN                    0020H.0  0000H.1    -----    -----      -----    -----
  +--> ?PR?_LCD_WRITE_VAL?SCREEN

?PR?SET_DIS?SCREEN                    0020H.0  0000H.1    -----    -----      -----    -----
  +--> ?PR?_LCD_WRITE_VAL?SCREEN

?PR?FAN_CENTER_DIS?SCREEN             0020H.0  0000H.1    -----    -----      -----    -----
  +--> ?PR?_LCD_WRITE_VAL?SCREEN
BL51 BANKED LINKER/LOCATER V6.22.4.0                                                  11/19/2024  16:38:30  PAGE 5



?PR?PRINTF?PRINTF                     0020H.0  0001H.1    0008H    0005H      00F2H    0028H
  +--> ?PR?_PUTCHAR?UART

?PR?FAN_LEAF1_DIS?SCREEN              0020H.0  0000H.1    -----    -----      -----    -----
  +--> ?PR?_LCD_WRITE_VAL?SCREEN

?PR?FAN_LEAF2_DIS?SCREEN              0020H.0  0000H.1    -----    -----      -----    -----
  +--> ?PR?_LCD_WRITE_VAL?SCREEN



SYMBOL TABLE OF MODULE:  .\Output\HGB06_QM_test01_20241113 (?C_STARTUP)

  VALUE           TYPE          NAME
  ----------------------------------

  -------         MODULE        ?C_STARTUP
  C:07B7H         SEGMENT       ?C_C51STARTUP
  I:0022H         SEGMENT       ?STACK
  C:0000H         PUBLIC        ?C_STARTUP
  D:00E0H         SYMBOL        ACC
  D:00F0H         SYMBOL        B
  D:0083H         SYMBOL        DPH
  D:0082H         SYMBOL        DPL
  N:0000H         SYMBOL        IBPSTACK
  N:0100H         SYMBOL        IBPSTACKTOP
  N:0080H         SYMBOL        IDATALEN
  C:07BAH         SYMBOL        IDATALOOP
  N:0000H         SYMBOL        PBPSTACK
  N:0100H         SYMBOL        PBPSTACKTOP
  N:0000H         SYMBOL        PDATALEN
  N:0000H         SYMBOL        PDATASTART
  N:0000H         SYMBOL        PPAGE
  N:0000H         SYMBOL        PPAGEENABLE
  D:00A0H         SYMBOL        PPAGE_SFR
  D:0081H         SYMBOL        SP
  C:07B7H         SYMBOL        STARTUP1
  N:0000H         SYMBOL        XBPSTACK
  N:0000H         SYMBOL        XBPSTACKTOP
  N:0000H         SYMBOL        XDATALEN
  N:0000H         SYMBOL        XDATASTART
  C:0000H         LINE#         126
  C:07B7H         LINE#         133
  C:07B9H         LINE#         134
  C:07BAH         LINE#         135
  C:07BBH         LINE#         136
  C:07BDH         LINE#         185
  C:07C0H         LINE#         196
  -------         ENDMOD        ?C_STARTUP

  -------         MODULE        ADC
  C:0000H         SYMBOL        _ICE_DUMMY_
  D:0080H         PUBLIC        P0
  D:0090H         PUBLIC        P1
  D:00A0H         PUBLIC        P2
  D:00B0H         PUBLIC        P3
BL51 BANKED LINKER/LOCATER V6.22.4.0                                                  11/19/2024  16:38:30  PAGE 6


  D:00C0H         PUBLIC        P4
  D:00C8H         PUBLIC        P5
  D:00E8H         PUBLIC        P6
  D:00F8H         PUBLIC        P7
  D:00A8H         PUBLIC        IE
  D:00BDH         PUBLIC        ADC_RES
  D:00B8H         PUBLIC        IP
  D:00D8H         PUBLIC        CCON
  D:00BCH         PUBLIC        ADC_CONTR
  D:0098H         PUBLIC        SCON
  D:0088H         PUBLIC        TCON
  D:009DH         PUBLIC        P1ASF
  C:0D5FH         PUBLIC        ADCInit
  D:00BEH         PUBLIC        ADC_RESL
  C:0A5EH         PUBLIC        _Get_ADC12bitResult
  D:00D0H         PUBLIC        PSW
  -------         PROC          ADCINIT
  C:0D5FH         LINE#         16
  C:0D5FH         LINE#         17
  C:0D5FH         LINE#         18
  C:0D62H         LINE#         19
  C:0D65H         LINE#         20
  C:0D67H         LINE#         21
  C:0D6AH         LINE#         22
  -------         ENDPROC       ADCINIT
  -------         PROC          _GET_ADC12BITRESULT
  D:0007H         SYMBOL        channel_x
  -------         DO            
  D:0004H         SYMBOL        adc_value
  -------         ENDDO         
  C:0A5EH         LINE#         29
  C:0A5EH         LINE#         30
  C:0A5EH         LINE#         31
  C:0A61H         LINE#         33
  C:0A66H         LINE#         34
  C:0A6BH         LINE#         35
  C:0A6EH         LINE#         37
  C:0A72H         LINE#         38
  C:0A7FH         LINE#         40
  C:0A82H         LINE#         41
  -------         ENDPROC       _GET_ADC12BITRESULT
  -------         ENDMOD        ADC

  -------         MODULE        DELAY
  C:0000H         SYMBOL        _ICE_DUMMY_
  C:0AA4H         PUBLIC        _delay_ms
  C:0CE1H         PUBLIC        _delay_us
  -------         PROC          _DELAY_MS
  D:0006H         SYMBOL        time
  -------         DO            
  D:000DH         SYMBOL        i
  D:000EH         SYMBOL        j
  -------         ENDDO         
  C:0AA4H         LINE#         4
  C:0AA4H         LINE#         5
  C:0AA4H         LINE#         7
  C:0AADH         LINE#         8
BL51 BANKED LINKER/LOCATER V6.22.4.0                                                  11/19/2024  16:38:30  PAGE 7


  C:0AADH         LINE#         9
  C:0AAEH         LINE#         10
  C:0AAFH         LINE#         11
  C:0AB0H         LINE#         12
  C:0AB3H         LINE#         13
  C:0AB6H         LINE#         15
  C:0AB6H         LINE#         16
  C:0AB9H         LINE#         17
  C:0ABCH         LINE#         18
  C:0AC3H         LINE#         19
  -------         ENDPROC       _DELAY_MS
  -------         PROC          _DELAY_US
  D:0006H         SYMBOL        time
  C:0CE1H         LINE#         21
  C:0CE1H         LINE#         22
  C:0CE1H         LINE#         23
  C:0CEAH         LINE#         24
  C:0CEAH         LINE#         25
  C:0CEBH         LINE#         26
  C:0CECH         LINE#         27
  C:0CEDH         LINE#         28
  C:0CF4H         LINE#         29
  -------         ENDPROC       _DELAY_US
  -------         ENDMOD        DELAY

  -------         MODULE        EEPROM
  C:0000H         SYMBOL        _ICE_DUMMY_
  D:0080H         PUBLIC        P0
  D:0090H         PUBLIC        P1
  D:00A0H         PUBLIC        P2
  D:00B0H         PUBLIC        P3
  D:00C0H         PUBLIC        P4
  D:00C8H         PUBLIC        P5
  D:00E8H         PUBLIC        P6
  D:00F8H         PUBLIC        P7
  D:00A8H         PUBLIC        IE
  D:00C5H         PUBLIC        IAP_CMD
  D:00B8H         PUBLIC        IP
  D:00C3H         PUBLIC        IAP_ADDRH
  D:00D8H         PUBLIC        CCON
  D:00C4H         PUBLIC        IAP_ADDRL
  D:0098H         PUBLIC        SCON
  D:0088H         PUBLIC        TCON
  D:00C7H         PUBLIC        IAP_CONTR
  D:00C2H         PUBLIC        IAP_DATA
  C:0B1DH         PUBLIC        _ISP_earse
  C:0AE3H         PUBLIC        _ISP_read
  C:000EH         PUBLIC        ISPIdle
  D:00C6H         PUBLIC        IAP_TRIG
  D:00D0H         PUBLIC        PSW
  C:0AC4H         PUBLIC        _ISP_write
  -------         PROC          ISPIDLE
  C:000EH         LINE#         6
  C:000EH         LINE#         7
  C:000EH         LINE#         8
  C:0011H         LINE#         9
  C:0013H         LINE#         10
BL51 BANKED LINKER/LOCATER V6.22.4.0                                                  11/19/2024  16:38:30  PAGE 8


  C:0015H         LINE#         11
  C:0018H         LINE#         12
  C:001AH         LINE#         13
  -------         ENDPROC       ISPIDLE
  -------         PROC          _ISP_READ
  D:0006H         SYMBOL        addr
  -------         DO            
  D:0007H         SYMBOL        dat
  -------         ENDDO         
  C:0AE3H         LINE#         15
  C:0AE3H         LINE#         16
  C:0AE3H         LINE#         19
  C:0AE6H         LINE#         20
  C:0AE9H         LINE#         21
  C:0AEBH         LINE#         22
  C:0AEEH         LINE#         24
  C:0AF1H         LINE#         25
  C:0AF4H         LINE#         27
  C:0AFBH         LINE#         29
  C:0AFDH         LINE#         31
  -------         ENDPROC       _ISP_READ
  -------         PROC          _ISP_WRITE
  D:0006H         SYMBOL        addr
  D:0005H         SYMBOL        dat
  C:0AC4H         LINE#         36
  C:0AC4H         LINE#         37
  C:0AC4H         LINE#         38
  C:0AC7H         LINE#         39
  C:0ACAH         LINE#         40
  C:0ACCH         LINE#         41
  C:0ACFH         LINE#         42
  C:0AD3H         LINE#         44
  C:0AD6H         LINE#         45
  C:0AD9H         LINE#         47
  C:0AE0H         LINE#         49
  -------         ENDPROC       _ISP_WRITE
  -------         PROC          _ISP_EARSE
  D:0006H         SYMBOL        addr
  C:0B1DH         LINE#         52
  C:0B1DH         LINE#         53
  C:0B1DH         LINE#         54
  C:0B20H         LINE#         55
  C:0B23H         LINE#         56
  C:0B25H         LINE#         57
  C:0B28H         LINE#         59
  C:0B2BH         LINE#         60
  C:0B2EH         LINE#         62
  C:0B35H         LINE#         64
  -------         ENDPROC       _ISP_EARSE
  -------         ENDMOD        EEPROM

  -------         MODULE        GPIO
  C:0000H         SYMBOL        _ICE_DUMMY_
  D:0092H         PUBLIC        P1M0
  D:0096H         PUBLIC        P2M0
  D:0091H         PUBLIC        P1M1
  D:0080H         PUBLIC        P0
BL51 BANKED LINKER/LOCATER V6.22.4.0                                                  11/19/2024  16:38:30  PAGE 9


  D:00B2H         PUBLIC        P3M0
  D:0095H         PUBLIC        P2M1
  D:0090H         PUBLIC        P1
  D:00B1H         PUBLIC        P3M1
  D:00A0H         PUBLIC        P2
  D:00CAH         PUBLIC        P5M0
  D:00B0H         PUBLIC        P3
  D:00C9H         PUBLIC        P5M1
  D:00C0H         PUBLIC        P4
  D:00C8H         PUBLIC        P5
  D:00E8H         PUBLIC        P6
  D:00F8H         PUBLIC        P7
  D:00A8H         PUBLIC        IE
  D:00B8H         PUBLIC        IP
  D:00D8H         PUBLIC        CCON
  D:0098H         PUBLIC        SCON
  D:0088H         PUBLIC        TCON
  C:0CF5H         PUBLIC        GPIOInit
  D:00D0H         PUBLIC        PSW
  -------         PROC          GPIOINIT
  C:0CF5H         LINE#         4
  C:0CF5H         LINE#         5
  C:0CF5H         LINE#         6
  C:0CFAH         LINE#         7
  C:0CFFH         LINE#         8
  C:0D03H         LINE#         9
  C:0D08H         LINE#         11
  -------         ENDPROC       GPIOINIT
  -------         ENDMOD        GPIO

  -------         MODULE        MODBUS
  C:0000H         SYMBOL        _ICE_DUMMY_
  -------         ENDMOD        MODBUS

  -------         MODULE        NTC
  C:0000H         SYMBOL        _ICE_DUMMY_
  D:0080H         PUBLIC        P0
  D:0090H         PUBLIC        P1
  D:00A0H         PUBLIC        P2
  D:00B0H         PUBLIC        P3
  D:00C0H         PUBLIC        P4
  D:00C8H         PUBLIC        P5
  D:00E8H         PUBLIC        P6
  D:00F8H         PUBLIC        P7
  D:00A8H         PUBLIC        IE
  D:00B8H         PUBLIC        IP
  X:0000H         PUBLIC        temp_table
  D:00D8H         PUBLIC        CCON
  D:0098H         PUBLIC        SCON
  D:0088H         PUBLIC        TCON
  C:0937H         PUBLIC        _get_temp
  C:0843H         PUBLIC        _LookupTable
  D:00D0H         PUBLIC        PSW
  -------         PROC          _LOOKUPTABLE
  X:0132H         SYMBOL        temptab
  X:0135H         SYMBOL        tablenum
  X:0136H         SYMBOL        temp
BL51 BANKED LINKER/LOCATER V6.22.4.0                                                  11/19/2024  16:38:30  PAGE 10


  -------         DO            
  X:0138H         SYMBOL        i
  X:0139H         SYMBOL        index
  -------         ENDDO         
  C:0843H         LINE#         134
  C:0851H         LINE#         135
  C:0851H         LINE#         136
  C:0856H         LINE#         138
  C:0869H         LINE#         139
  C:0869H         LINE#         140
  C:08B0H         LINE#         141
  C:08B6H         LINE#         142
  C:08BEH         LINE#         143
  C:08C3H         LINE#         144
  -------         ENDPROC       _LOOKUPTABLE
  -------         PROC          _GET_TEMP
  X:013AH         SYMBOL        channle_x
  -------         DO            
  X:013BH         SYMBOL        t
  X:013CH         SYMBOL        times
  X:013DH         SYMBOL        adc_val
  D:0006H         SYMBOL        temp_val
  -------         ENDDO         
  C:0937H         LINE#         146
  C:093CH         LINE#         147
  C:093CH         LINE#         149
  C:0942H         LINE#         150
  C:0947H         LINE#         152
  C:0958H         LINE#         153
  C:0958H         LINE#         154
  C:096CH         LINE#         155
  C:0974H         LINE#         156
  C:098CH         LINE#         157
  C:09A8H         LINE#         158
  C:09A8H         LINE#         159
  -------         ENDPROC       _GET_TEMP
  -------         ENDMOD        NTC

  -------         MODULE        PWM
  C:0000H         SYMBOL        _ICE_DUMMY_
  D:0080H         PUBLIC        P0
  D:0090H         PUBLIC        P1
  D:00A0H         PUBLIC        P2
  D:00B0H         PUBLIC        P3
  D:00C0H         PUBLIC        P4
  D:00C8H         PUBLIC        P5
  D:00E8H         PUBLIC        P6
  C:001EH         PUBLIC        PWMStart
  D:00F8H         PUBLIC        P7
  D:00F5H         PUBLIC        PWMCR
  D:00BAH         PUBLIC        P_SW2
  D:00A8H         PUBLIC        IE
  D:00F7H         PUBLIC        PWMFDCR
  D:00B8H         PUBLIC        IP
  C:0D84H         PUBLIC        PWMStop
  C:0D6BH         PUBLIC        _PWMSet
  D:00D8H         PUBLIC        CCON
BL51 BANKED LINKER/LOCATER V6.22.4.0                                                  11/19/2024  16:38:30  PAGE 11


  D:0098H         PUBLIC        SCON
  D:0088H         PUBLIC        TCON
  C:0A36H         PUBLIC        PWM5Init
  D:00F1H         PUBLIC        PWMCFG
  D:00D0H         PUBLIC        PSW
  -------         PROC          PWM5INIT
  C:0A36H         LINE#         4
  C:0A36H         LINE#         5
  C:0A36H         LINE#         6
  C:0A39H         LINE#         7
  C:0A3CH         LINE#         8
  C:0A42H         LINE#         10
  C:0A4BH         LINE#         12
  C:0A51H         LINE#         13
  C:0A57H         LINE#         15
  C:0A5AH         LINE#         17
  C:0A5DH         LINE#         18
  -------         ENDPROC       PWM5INIT
  -------         PROC          _PWMSET
  D:0006H         SYMBOL        dat
  C:0D6BH         LINE#         20
  C:0D6BH         LINE#         21
  C:0D6BH         LINE#         22
  C:0D73H         LINE#         23
  -------         ENDPROC       _PWMSET
  -------         PROC          PWMSTART
  C:001EH         LINE#         25
  C:001EH         LINE#         26
  C:001EH         LINE#         27
  C:0021H         LINE#         28
  -------         ENDPROC       PWMSTART
  -------         PROC          PWMSTOP
  C:0D84H         LINE#         30
  C:0D84H         LINE#         31
  C:0D84H         LINE#         32
  C:0D87H         LINE#         33
  -------         ENDPROC       PWMSTOP
  -------         ENDMOD        PWM

  -------         MODULE        TIMER
  C:0000H         SYMBOL        _ICE_DUMMY_
  D:0080H         PUBLIC        P0
  D:0090H         PUBLIC        P1
  D:00A0H         PUBLIC        P2
  D:00B0H         PUBLIC        P3
  D:00C0H         PUBLIC        P4
  D:00C8H         PUBLIC        P5
  D:00E8H         PUBLIC        P6
  D:00F8H         PUBLIC        P7
  C:0022H         PUBLIC        Tim0Isr
  C:0A83H         PUBLIC        Tim1Isr
  D:00A8H         PUBLIC        IE
  C:0D88H         PUBLIC        Tim3Isr
  D:00B8H         PUBLIC        IP
  D:00D8H         PUBLIC        CCON
  D:0098H         PUBLIC        SCON
  D:0089H         PUBLIC        TMOD
BL51 BANKED LINKER/LOCATER V6.22.4.0                                                  11/19/2024  16:38:30  PAGE 12


  D:0088H         PUBLIC        TCON
  D:00AFH         PUBLIC        IE2
  D:008EH         PUBLIC        AUXR
  B:00A8H.1       PUBLIC        ET0
  B:0088H.5       PUBLIC        TF0
  B:00A8H.3       PUBLIC        ET1
  B:0088H.7       PUBLIC        TF1
  D:008CH         PUBLIC        TH0
  D:008DH         PUBLIC        TH1
  D:00D4H         PUBLIC        T3H
  D:008AH         PUBLIC        TL0
  D:008BH         PUBLIC        TL1
  D:00D5H         PUBLIC        T3L
  B:0088H.4       PUBLIC        TR0
  B:0088H.6       PUBLIC        TR1
  D:00D1H         PUBLIC        T4T3M
  C:0D09H         PUBLIC        Tim0Init
  C:0D1CH         PUBLIC        Tim1Init
  C:0D42H         PUBLIC        Tim3Init
  B:0021H.1       PUBLIC        fan_dis_bit
  D:00D0H         PUBLIC        PSW
  -------         PROC          TIM0INIT
  C:0D09H         LINE#         6
  C:0D09H         LINE#         7
  C:0D09H         LINE#         8
  C:0D0CH         LINE#         10
  C:0D0FH         LINE#         12
  C:0D12H         LINE#         13
  C:0D15H         LINE#         15
  C:0D17H         LINE#         16
  C:0D19H         LINE#         18
  C:0D1BH         LINE#         19
  -------         ENDPROC       TIM0INIT
  -------         PROC          TIM1INIT
  C:0D1CH         LINE#         22
  C:0D1CH         LINE#         23
  C:0D1CH         LINE#         24
  C:0D1FH         LINE#         25
  C:0D22H         LINE#         28
  C:0D25H         LINE#         29
  C:0D28H         LINE#         30
  C:0D2AH         LINE#         31
  C:0D2CH         LINE#         33
  C:0D2EH         LINE#         34
  -------         ENDPROC       TIM1INIT
  -------         PROC          TIM3INIT
  C:0D42H         LINE#         36
  C:0D42H         LINE#         37
  C:0D42H         LINE#         38
  C:0D45H         LINE#         39
  C:0D48H         LINE#         40
  C:0D4BH         LINE#         41
  C:0D4EH         LINE#         43
  C:0D51H         LINE#         44
  -------         ENDPROC       TIM3INIT
  -------         PROC          TIM0ISR
  C:0022H         LINE#         45
BL51 BANKED LINKER/LOCATER V6.22.4.0                                                  11/19/2024  16:38:30  PAGE 13


  C:0022H         LINE#         48
  -------         ENDPROC       TIM0ISR
  -------         PROC          TIM1ISR
  -------         DO            
  X:0142H         SYMBOL        i
  -------         ENDDO         
  C:0A83H         LINE#         50
  C:0A8BH         LINE#         53
  C:0A91H         LINE#         54
  C:0A97H         LINE#         55
  C:0A97H         LINE#         56
  C:0A99H         LINE#         57
  C:0A9BH         LINE#         58
  C:0A9BH         LINE#         59
  -------         ENDPROC       TIM1ISR
  -------         PROC          TIM3ISR
  C:0D88H         LINE#         60
  C:0D88H         LINE#         63
  -------         ENDPROC       TIM3ISR
  -------         ENDMOD        TIMER

  -------         MODULE        UART
  C:0000H         SYMBOL        _ICE_DUMMY_
  C:0D52H         PUBLIC        Uart1Isr
  D:0080H         PUBLIC        P0
  D:0090H         PUBLIC        P1
  D:00A0H         PUBLIC        P2
  D:00B0H         PUBLIC        P3
  D:00C0H         PUBLIC        P4
  D:00C8H         PUBLIC        P5
  D:00E8H         PUBLIC        P6
  D:00F8H         PUBLIC        P7
  D:00A8H         PUBLIC        IE
  C:0003H         PUBLIC        _Uart1Sendbyte
  C:09A9H         PUBLIC        _Uart1SendStr
  B:00A8H.4       PUBLIC        ES
  D:00B8H         PUBLIC        IP
  B:0098H.0       PUBLIC        RI
  B:0098H.1       PUBLIC        TI
  D:00D8H         PUBLIC        CCON
  D:0099H         PUBLIC        SBUF
  D:0098H         PUBLIC        SCON
  D:0088H         PUBLIC        TCON
  D:008EH         PUBLIC        AUXR
  D:00D6H         PUBLIC        T2H
  D:00D7H         PUBLIC        T2L
  B:0021H.2       PUBLIC        busy_bit
  C:0CCCH         PUBLIC        Uart1Init
  D:00D0H         PUBLIC        PSW
  C:0D74H         PUBLIC        _putchar
  -------         PROC          UART1INIT
  C:0CCCH         LINE#         8
  C:0CCCH         LINE#         9
  C:0CCCH         LINE#         10
  C:0CCFH         LINE#         11
  C:0CD2H         LINE#         12
  C:0CD5H         LINE#         13
BL51 BANKED LINKER/LOCATER V6.22.4.0                                                  11/19/2024  16:38:30  PAGE 14


  C:0CD8H         LINE#         14
  C:0CDBH         LINE#         15
  C:0CDEH         LINE#         17
  C:0CE0H         LINE#         18
  -------         ENDPROC       UART1INIT
  -------         PROC          UART1ISR
  C:0D52H         LINE#         20
  C:0D52H         LINE#         22
  C:0D55H         LINE#         23
  C:0D55H         LINE#         24
  C:0D57H         LINE#         25
  C:0D59H         LINE#         26
  C:0D59H         LINE#         28
  C:0D5CH         LINE#         29
  C:0D5CH         LINE#         30
  C:0D5EH         LINE#         31
  C:0D5EH         LINE#         32
  -------         ENDPROC       UART1ISR
  -------         PROC          _UART1SENDBYTE
  D:0007H         SYMBOL        dat
  C:0003H         LINE#         34
  C:0003H         LINE#         35
  C:0003H         LINE#         36
  C:0006H         LINE#         37
  C:0008H         LINE#         38
  C:000AH         LINE#         39
  -------         ENDPROC       _UART1SENDBYTE
  -------         PROC          _UART1SENDSTR
  X:013FH         SYMBOL        sendstr
  C:09A9H         LINE#         41
  C:09B4H         LINE#         42
  C:09B4H         LINE#         43
  C:09C4H         LINE#         44
  C:09C4H         LINE#         45
  C:09D9H         LINE#         46
  C:09DBH         LINE#         47
  -------         ENDPROC       _UART1SENDSTR
  -------         PROC          _PUTCHAR
  D:0007H         SYMBOL        c
  C:0D74H         LINE#         49
  C:0D74H         LINE#         50
  C:0D74H         LINE#         51
  C:0D76H         LINE#         52
  C:0D79H         LINE#         53
  C:0D7BH         LINE#         54
  C:0D7BH         LINE#         55
  -------         ENDPROC       _PUTCHAR
  -------         ENDMOD        UART

  -------         MODULE        SCREEN
  C:0000H         SYMBOL        _ICE_DUMMY_
  C:0BDAH         PUBLIC        Celsius_dis
  C:0026H         PUBLIC        _channel_dis
  D:0080H         PUBLIC        P0
  D:0090H         PUBLIC        P1
  D:00A0H         PUBLIC        P2
  D:00B0H         PUBLIC        P3
BL51 BANKED LINKER/LOCATER V6.22.4.0                                                  11/19/2024  16:38:30  PAGE 15


  D:00C0H         PUBLIC        P4
  C:0C7CH         PUBLIC        fan_leaf1_dis
  D:00C8H         PUBLIC        P5
  C:0C97H         PUBLIC        fan_leaf2_dis
  D:00E8H         PUBLIC        P6
  D:00F8H         PUBLIC        P7
  D:00A8H         PUBLIC        IE
  C:0D7CH         PUBLIC        lcd_display
  D:00B8H         PUBLIC        IP
  C:09DCH         PUBLIC        lcd_clear
  D:00D8H         PUBLIC        CCON
  B:00C0H.1       PUBLIC        TM1722_CLK
  B:00B0H.7       PUBLIC        TM1722_DIO
  C:0B6EH         PUBLIC        alarm_dis
  D:0098H         PUBLIC        SCON
  D:0088H         PUBLIC        TCON
  X:011AH         PUBLIC        addr_tab
  B:00B0H.6       PUBLIC        TM1722_STB
  C:0C61H         PUBLIC        fan_center_dis
  C:0C10H         PUBLIC        percentage_dis
  C:0BF5H         PUBLIC        mode_dis
  C:0CB2H         PUBLIC        lcd_init
  C:0A0AH         PUBLIC        _TM1722_Write_Byte
  C:08C4H         PUBLIC        _wind_dis
  C:0B53H         PUBLIC        sync_dis
  X:0121H         PUBLIC        value_03
  X:0122H         PUBLIC        value_06
  C:0B89H         PUBLIC        F_dis
  X:0123H         PUBLIC        value_07
  C:0D2FH         PUBLIC        _lcd_write_val
  X:0124H         PUBLIC        num_tab
  C:0C2BH         PUBLIC        cur_dis
  C:0BA4H         PUBLIC        M_dis
  C:0C46H         PUBLIC        set_dis
  X:012EH         PUBLIC        value_0A
  X:012FH         PUBLIC        value_0B
  C:0BBFH         PUBLIC        R_dis
  C:0678H         PUBLIC        _num_dis
  X:0130H         PUBLIC        value_0E
  X:0131H         PUBLIC        value_0F
  C:0B38H         PUBLIC        sun_dis
  D:00D0H         PUBLIC        PSW
  -------         PROC          LCD_INIT
  C:0CB2H         LINE#         26
  C:0CB2H         LINE#         27
  C:0CB2H         LINE#         28
  C:0CB4H         LINE#         29
  C:0CB6H         LINE#         30
  C:0CB8H         LINE#         31
  C:0CBDH         LINE#         32
  C:0CBFH         LINE#         33
  C:0CC4H         LINE#         34
  C:0CC6H         LINE#         36
  C:0CC9H         LINE#         38
  -------         ENDPROC       LCD_INIT
  -------         PROC          LCD_CLEAR
  -------         DO            
BL51 BANKED LINKER/LOCATER V6.22.4.0                                                  11/19/2024  16:38:30  PAGE 16


  X:00F2H         SYMBOL        i
  -------         ENDDO         
  C:09DCH         LINE#         41
  C:09DCH         LINE#         42
  C:09DCH         LINE#         45
  C:09EBH         LINE#         46
  C:09EBH         LINE#         47
  C:09FAH         LINE#         48
  C:09FFH         LINE#         49
  C:0A01H         LINE#         50
  C:0A09H         LINE#         51
  -------         ENDPROC       LCD_CLEAR
  -------         PROC          LCD_DISPLAY
  C:0D7CH         LINE#         53
  C:0D7CH         LINE#         54
  C:0D7CH         LINE#         55
  C:0D81H         LINE#         56
  C:0D83H         LINE#         57
  -------         ENDPROC       LCD_DISPLAY
  -------         PROC          _LCD_WRITE_VAL
  D:0007H         SYMBOL        addr
  X:00F2H         SYMBOL        dat
  C:0D2FH         LINE#         59
  C:0D34H         LINE#         60
  C:0D34H         LINE#         61
  C:0D37H         LINE#         62
  C:0D3FH         LINE#         63
  C:0D41H         LINE#         64
  -------         ENDPROC       _LCD_WRITE_VAL
  -------         PROC          _TM1722_WRITE_BYTE
  X:00F3H         SYMBOL        dat
  -------         DO            
  D:0007H         SYMBOL        i
  -------         ENDDO         
  C:0A0AH         LINE#         71
  C:0A0FH         LINE#         72
  C:0A0FH         LINE#         75
  C:0A16H         LINE#         76
  C:0A18H         LINE#         77
  C:0A1AH         LINE#         78
  C:0A1AH         LINE#         79
  C:0A1CH         LINE#         80
  C:0A24H         LINE#         81
  C:0A26H         LINE#         82
  C:0A2AH         LINE#         83
  C:0A2FH         LINE#         84
  -------         ENDPROC       _TM1722_WRITE_BYTE
  -------         PROC          _NUM_DIS
  D:0007H         SYMBOL        num
  -------         DO            
  D:0005H         SYMBOL        hundreds
  D:0003H         SYMBOL        tens
  D:0004H         SYMBOL        ones
  -------         ENDDO         
  C:0678H         LINE#         87
  C:0678H         LINE#         88
  C:0678H         LINE#         89
BL51 BANKED LINKER/LOCATER V6.22.4.0                                                  11/19/2024  16:38:30  PAGE 17


  C:067EH         LINE#         90
  C:0689H         LINE#         91
  C:0690H         LINE#         93
  C:0698H         LINE#         94
  C:069DH         LINE#         95
  C:06A2H         LINE#         96
  C:06A9H         LINE#         98
  C:06BEH         LINE#         99
  C:06C4H         LINE#         100
  C:06DDH         LINE#         101
  C:06F6H         LINE#         103
  C:0700H         LINE#         105
  C:070DH         LINE#         107
  C:071AH         LINE#         109
  -------         ENDPROC       _NUM_DIS
  -------         PROC          _WIND_DIS
  D:0005H         SYMBOL        num
  C:08C4H         LINE#         112
  C:08C6H         LINE#         113
  C:08C6H         LINE#         114
  C:08CDH         LINE#         116
  C:08EFH         LINE#         117
  C:08EFH         LINE#         118
  C:08EFH         LINE#         119
  C:08F4H         LINE#         120
  C:08F6H         LINE#         122
  C:08F6H         LINE#         123
  C:08FDH         LINE#         124
  C:08FFH         LINE#         126
  C:08FFH         LINE#         127
  C:0906H         LINE#         128
  C:0908H         LINE#         130
  C:0908H         LINE#         131
  C:090FH         LINE#         132
  C:0911H         LINE#         134
  C:0911H         LINE#         135
  C:0918H         LINE#         136
  C:091AH         LINE#         138
  C:091AH         LINE#         139
  C:0921H         LINE#         140
  C:0923H         LINE#         142
  C:0923H         LINE#         143
  C:092AH         LINE#         144
  C:092AH         LINE#         146
  C:092AH         LINE#         147
  C:092AH         LINE#         148
  C:092AH         LINE#         150
  -------         ENDPROC       _WIND_DIS
  -------         PROC          _CHANNEL_DIS
  D:0005H         SYMBOL        num
  C:0026H         LINE#         153
  C:0028H         LINE#         154
  C:0028H         LINE#         155
  C:002FH         LINE#         157
  C:0051H         LINE#         158
  C:0051H         LINE#         159
  C:0051H         LINE#         160
BL51 BANKED LINKER/LOCATER V6.22.4.0                                                  11/19/2024  16:38:30  PAGE 18


  C:0058H         LINE#         161
  C:005AH         LINE#         163
  C:005AH         LINE#         164
  C:0061H         LINE#         165
  C:0063H         LINE#         167
  C:0063H         LINE#         168
  C:006AH         LINE#         169
  C:006CH         LINE#         171
  C:006CH         LINE#         172
  C:0073H         LINE#         173
  C:0075H         LINE#         175
  C:0075H         LINE#         176
  C:007CH         LINE#         177
  C:007EH         LINE#         179
  C:007EH         LINE#         180
  C:0085H         LINE#         181
  C:0087H         LINE#         183
  C:0087H         LINE#         184
  C:008EH         LINE#         185
  C:008EH         LINE#         187
  C:008EH         LINE#         188
  C:008EH         LINE#         189
  C:008EH         LINE#         191
  -------         ENDPROC       _CHANNEL_DIS
  -------         PROC          SUN_DIS
  B:0020H.0       SYMBOL        on_off
  C:0B38H         LINE#         194
  C:0B38H         LINE#         195
  C:0B38H         LINE#         196
  C:0B3FH         LINE#         197
  C:0B42H         LINE#         198
  C:0B42H         LINE#         199
  C:0B46H         LINE#         200
  C:0B46H         LINE#         201
  -------         ENDPROC       SUN_DIS
  -------         PROC          SYNC_DIS
  B:0020H.0       SYMBOL        on_off
  C:0B53H         LINE#         204
  C:0B53H         LINE#         205
  C:0B53H         LINE#         206
  C:0B5AH         LINE#         207
  C:0B5DH         LINE#         208
  C:0B5DH         LINE#         209
  C:0B61H         LINE#         210
  C:0B61H         LINE#         211
  -------         ENDPROC       SYNC_DIS
  -------         PROC          ALARM_DIS
  B:0020H.0       SYMBOL        on_off
  C:0B6EH         LINE#         214
  C:0B6EH         LINE#         215
  C:0B6EH         LINE#         216
  C:0B75H         LINE#         217
  C:0B78H         LINE#         218
  C:0B78H         LINE#         219
  C:0B7CH         LINE#         220
  C:0B7CH         LINE#         221
  -------         ENDPROC       ALARM_DIS
BL51 BANKED LINKER/LOCATER V6.22.4.0                                                  11/19/2024  16:38:30  PAGE 19


  -------         PROC          F_DIS
  B:0020H.0       SYMBOL        on_off
  C:0B89H         LINE#         224
  C:0B89H         LINE#         225
  C:0B89H         LINE#         226
  C:0B90H         LINE#         227
  C:0B93H         LINE#         228
  C:0B93H         LINE#         229
  C:0B97H         LINE#         230
  C:0B97H         LINE#         231
  -------         ENDPROC       F_DIS
  -------         PROC          M_DIS
  B:0020H.0       SYMBOL        on_off
  C:0BA4H         LINE#         234
  C:0BA4H         LINE#         235
  C:0BA4H         LINE#         236
  C:0BABH         LINE#         237
  C:0BAEH         LINE#         238
  C:0BAEH         LINE#         239
  C:0BB2H         LINE#         240
  C:0BB2H         LINE#         241
  -------         ENDPROC       M_DIS
  -------         PROC          R_DIS
  B:0020H.0       SYMBOL        on_off
  C:0BBFH         LINE#         244
  C:0BBFH         LINE#         245
  C:0BBFH         LINE#         246
  C:0BC6H         LINE#         247
  C:0BC9H         LINE#         248
  C:0BC9H         LINE#         249
  C:0BCDH         LINE#         250
  C:0BCDH         LINE#         251
  -------         ENDPROC       R_DIS
  -------         PROC          CELSIUS_DIS
  B:0020H.0       SYMBOL        on_off
  C:0BDAH         LINE#         254
  C:0BDAH         LINE#         255
  C:0BDAH         LINE#         256
  C:0BE1H         LINE#         257
  C:0BE4H         LINE#         258
  C:0BE4H         LINE#         259
  C:0BE8H         LINE#         260
  C:0BE8H         LINE#         261
  -------         ENDPROC       CELSIUS_DIS
  -------         PROC          MODE_DIS
  B:0020H.0       SYMBOL        on_off
  C:0BF5H         LINE#         264
  C:0BF5H         LINE#         265
  C:0BF5H         LINE#         266
  C:0BFCH         LINE#         267
  C:0BFFH         LINE#         268
  C:0BFFH         LINE#         269
  C:0C03H         LINE#         270
  C:0C03H         LINE#         271
  -------         ENDPROC       MODE_DIS
  -------         PROC          PERCENTAGE_DIS
  B:0020H.0       SYMBOL        on_off
BL51 BANKED LINKER/LOCATER V6.22.4.0                                                  11/19/2024  16:38:30  PAGE 20


  C:0C10H         LINE#         274
  C:0C10H         LINE#         275
  C:0C10H         LINE#         276
  C:0C17H         LINE#         277
  C:0C1AH         LINE#         278
  C:0C1AH         LINE#         279
  C:0C1EH         LINE#         280
  C:0C1EH         LINE#         281
  -------         ENDPROC       PERCENTAGE_DIS
  -------         PROC          CUR_DIS
  B:0020H.0       SYMBOL        on_off
  C:0C2BH         LINE#         284
  C:0C2BH         LINE#         285
  C:0C2BH         LINE#         286
  C:0C32H         LINE#         287
  C:0C35H         LINE#         288
  C:0C35H         LINE#         289
  C:0C39H         LINE#         290
  C:0C39H         LINE#         291
  -------         ENDPROC       CUR_DIS
  -------         PROC          SET_DIS
  B:0020H.0       SYMBOL        on_off
  C:0C46H         LINE#         294
  C:0C46H         LINE#         295
  C:0C46H         LINE#         296
  C:0C4DH         LINE#         297
  C:0C50H         LINE#         298
  C:0C50H         LINE#         299
  C:0C54H         LINE#         300
  C:0C54H         LINE#         301
  -------         ENDPROC       SET_DIS
  -------         PROC          FAN_CENTER_DIS
  B:0020H.0       SYMBOL        on_off
  C:0C61H         LINE#         304
  C:0C61H         LINE#         305
  C:0C61H         LINE#         306
  C:0C68H         LINE#         307
  C:0C6BH         LINE#         308
  C:0C6BH         LINE#         309
  C:0C6FH         LINE#         310
  C:0C6FH         LINE#         311
  -------         ENDPROC       FAN_CENTER_DIS
  -------         PROC          FAN_LEAF1_DIS
  B:0020H.0       SYMBOL        on_off
  C:0C7CH         LINE#         314
  C:0C7CH         LINE#         315
  C:0C7CH         LINE#         316
  C:0C83H         LINE#         317
  C:0C86H         LINE#         318
  C:0C86H         LINE#         319
  C:0C8AH         LINE#         320
  C:0C8AH         LINE#         321
  -------         ENDPROC       FAN_LEAF1_DIS
  -------         PROC          FAN_LEAF2_DIS
  B:0020H.0       SYMBOL        on_off
  C:0C97H         LINE#         324
  C:0C97H         LINE#         325
BL51 BANKED LINKER/LOCATER V6.22.4.0                                                  11/19/2024  16:38:30  PAGE 21


  C:0C97H         LINE#         326
  C:0C9EH         LINE#         327
  C:0CA1H         LINE#         328
  C:0CA1H         LINE#         329
  C:0CA5H         LINE#         330
  C:0CA5H         LINE#         331
  -------         ENDPROC       FAN_LEAF2_DIS
  -------         ENDMOD        SCREEN

  -------         MODULE        KEY
  C:0000H         SYMBOL        _ICE_DUMMY_
  D:0080H         PUBLIC        P0
  D:0090H         PUBLIC        P1
  D:00A0H         PUBLIC        P2
  D:00B0H         PUBLIC        P3
  D:00C0H         PUBLIC        P4
  D:00C8H         PUBLIC        P5
  D:00E8H         PUBLIC        P6
  D:00F8H         PUBLIC        P7
  D:00A8H         PUBLIC        IE
  D:00B8H         PUBLIC        IP
  D:00D8H         PUBLIC        CCON
  D:0098H         PUBLIC        SCON
  D:0088H         PUBLIC        TCON
  D:00D0H         PUBLIC        PSW
  -------         ENDMOD        KEY

  -------         MODULE        MAIN
  C:0000H         SYMBOL        _ICE_DUMMY_
  D:0080H         PUBLIC        P0
  D:0090H         PUBLIC        P1
  D:00A0H         PUBLIC        P2
  D:00B0H         PUBLIC        P3
  D:00C0H         PUBLIC        P4
  D:00C8H         PUBLIC        P5
  B:00A8H.7       PUBLIC        EA
  D:00E8H         PUBLIC        P6
  D:00F8H         PUBLIC        P7
  D:00BAH         PUBLIC        P_SW2
  D:00A8H         PUBLIC        IE
  D:00B8H         PUBLIC        IP
  D:00D8H         PUBLIC        CCON
  C:0727H         PUBLIC        main
  B:00A0H.0       PUBLIC        P20
  D:0098H         PUBLIC        SCON
  D:0088H         PUBLIC        TCON
  B:00A0H.3       PUBLIC        P23
  X:0143H         PUBLIC        temp_num
  D:00D0H         PUBLIC        PSW
  -------         PROC          MAIN
  C:0727H         LINE#         14
  C:0727H         LINE#         15
  C:0727H         LINE#         16
  C:072AH         LINE#         18
  C:072DH         LINE#         19
  C:0730H         LINE#         20
  C:0733H         LINE#         21
BL51 BANKED LINKER/LOCATER V6.22.4.0                                                  11/19/2024  16:38:30  PAGE 22


  C:0736H         LINE#         22
  C:0739H         LINE#         23
  C:073CH         LINE#         24
  C:073EH         LINE#         25
  C:0740H         LINE#         26
  C:0742H         LINE#         27
  C:0745H         LINE#         29
  C:0748H         LINE#         31
  C:074BH         LINE#         32
  C:0750H         LINE#         33
  C:0755H         LINE#         34
  C:075AH         LINE#         35
  C:075FH         LINE#         36
  C:0764H         LINE#         37
  C:0769H         LINE#         38
  C:076EH         LINE#         39
  C:0773H         LINE#         40
  C:0778H         LINE#         41
  C:077DH         LINE#         42
  C:0782H         LINE#         43
  C:0787H         LINE#         44
  C:078CH         LINE#         45
  C:0791H         LINE#         46
  C:0796H         LINE#         47
  C:079DH         LINE#         48
  C:07A6H         LINE#         50
  C:07A6H         LINE#         51
  C:07A6H         LINE#         54
  C:07ADH         LINE#         55
  C:07B5H         LINE#         58
  -------         ENDPROC       MAIN
  -------         ENDMOD        MAIN

  -------         MODULE        ?C?CLDPTR
  C:0403H         PUBLIC        ?C?CLDPTR
  -------         ENDMOD        ?C?CLDPTR

  -------         MODULE        ?C?UIDIV
  C:041CH         PUBLIC        ?C?UIDIV
  -------         ENDMOD        ?C?UIDIV

  -------         MODULE        ?C?ILDIX
  C:0471H         PUBLIC        ?C?ILDIX
  -------         ENDMOD        ?C?ILDIX

  -------         MODULE        ?C?ILDOPTR
  C:0487H         PUBLIC        ?C?ILDOPTR
  -------         ENDMOD        ?C?ILDOPTR

  -------         MODULE        PRINTF
  X:00F2H         PUBLIC        ?_PRINTF517?BYTE
  X:00F2H         PUBLIC        ?_PRINTF?BYTE
  X:00F2H         PUBLIC        ?_SPRINTF517?BYTE
  X:00F2H         PUBLIC        ?_SPRINTF?BYTE
  C:0109H         PUBLIC        _PRINTF
  C:0109H         PUBLIC        _PRINTF517
  C:0103H         PUBLIC        _SPRINTF
BL51 BANKED LINKER/LOCATER V6.22.4.0                                                  11/19/2024  16:38:30  PAGE 23


  C:0103H         PUBLIC        _SPRINTF517
  -------         ENDMOD        PRINTF

  -------         MODULE        ?C?CLDOPTR
  C:04BFH         PUBLIC        ?C?CLDOPTR
  -------         ENDMOD        ?C?CLDOPTR

  -------         MODULE        ?C?CSTPTR
  C:04ECH         PUBLIC        ?C?CSTPTR
  -------         ENDMOD        ?C?CSTPTR

  -------         MODULE        ?C?PLDIXDATA
  C:04FEH         PUBLIC        ?C?PLDIXDATA
  -------         ENDMOD        ?C?PLDIXDATA

  -------         MODULE        ?C?PSTXDATA
  C:0515H         PUBLIC        ?C?PSTXDATA
  -------         ENDMOD        ?C?PSTXDATA

  -------         MODULE        ?C?CCASE
  C:051EH         PUBLIC        ?C?CCASE
  -------         ENDMOD        ?C?CCASE

*** WARNING L16: UNCALLED SEGMENT, IGNORED FOR OVERLAY PROCESS
    SEGMENT: ?PR?_ISP_READ?EEPROM

*** WARNING L16: UNCALLED SEGMENT, IGNORED FOR OVERLAY PROCESS
    SEGMENT: ?PR?_ISP_WRITE?EEPROM

*** WARNING L16: UNCALLED SEGMENT, IGNORED FOR OVERLAY PROCESS
    SEGMENT: ?PR?_ISP_EARSE?EEPROM

*** WARNING L16: UNCALLED SEGMENT, IGNORED FOR OVERLAY PROCESS
    SEGMENT: ?PR?_GET_TEMP?NTC

*** WARNING L16: UNCALLED SEGMENT, IGNORED FOR OVERLAY PROCESS
    SEGMENT: ?PR?PWMSTOP?PWM

*** WARNING L16: UNCALLED SEGMENT, IGNORED FOR OVERLAY PROCESS
    SEGMENT: ?PR?_UART1SENDSTR?UART

Program Size: data=17.3 xdata=324 code=3465
LINK/LOCATE RUN COMPLETE.  6 WARNING(S),  0 ERROR(S)
