C51 COMPILER V9.60.7.0   MAIN                                                              11/27/2024 14:50:28 PAGE 1   


C51 COMPILER V9.60.7.0, COMPILATION OF MODULE MAIN
OBJECT MODULE PLACED IN .\Output\main.obj
COMPILER INVOKED BY: D:\APP\Keil_v5\C51\BIN\C51.EXE User\main.c LARGE OPTIMIZE(8,SPEED) BROWSE INCDIR(.\Inc;D:\APP\Keil_
                    -v5\C51\INC) DEBUG OBJECTEXTEND PRINT(.\Listings\main.lst) OBJECT(.\Output\main.obj)

line level    source

   1          #include "STC15W4Kxx.h"
   2          #include <stdio.h> 
   3          #include "gpio.h"
   4          #include "delay.h"
   5          #include "adc.h"
   6          #include "uart.h"
   7          #include "ntc.h"
   8          #include "timer.h"
   9          #include "screen.h"
  10          #include "stdint.h"
  11          #include "pwm.h"
  12          #include "key.h"
  13          #include "eeprom.h"
  14          #include "sync.h"
  15          
  16          void main()
  17          {
  18   1          P_SW2 |= 0x80;
  19   1          
  20   1          GPIOInit();
  21   1          ADCInit();
  22   1          Uart1Init();
  23   1          Tim0Init();
  24   1          Tim1Init();
  25   1          Tim3Init();
  26   1          IT0 = 1;   //ÏÂ½µÑØ´¥·¢¹ýÁã¼ì²âÐÅºÅ
  27   1          EX0 = 1;
  28   1          EA = 1;
  29   1          P42 = 0;
  30   1          P23 = 0;
  31   1          P54 = 1;
  32   1          PWM5Init(); 
  33   1          P05 = 0;
  34   1          PWMStop();
  35   1            
  36   1          printf("======== code start ========\r\n");  
  37   1          
  38   1          restart:
  39   1          delay_ms(1000);
  40   1          
  41   1          while(on_off)
  42   1          {
  43   2              on_off = power_on();
  44   2          }  
  45   1          P20 = 0; 
  46   1      
  47   1          led_init();    
  48   1          lcd_init();  
  49   1          ISP_data_init();
  50   1          percentage_dis(DIS_ON);
  51   1          if(power_bit==1)
  52   1          {
  53   2              sun_dis(DIS_ON);
  54   2          }
C51 COMPILER V9.60.7.0   MAIN                                                              11/27/2024 14:50:28 PAGE 2   

  55   1          buzzer=buzzer_bit=0;
  56   1          
  57   1          while(1)
  58   1          {
  59   2              button_scan();
  60   2              fan_rotate();
  61   2              external_24V_listen();
  62   2              temp_listen();
  63   2              power_off();
  64   2              if(on_off == 1)
  65   2              {
  66   3                  buzzer=buzzer_bit=0;
  67   3                  P24 = P25 = P26 = 1;
  68   3                  P43 = P44 = 1;
  69   3                  P20 = 1;
  70   3                  goto restart;   
  71   3              }
  72   2          }
  73   1      }


MODULE INFORMATION:   STATIC OVERLAYABLE
   CODE SIZE        =    134    ----
   CONSTANT SIZE    =     31    ----
   XDATA SIZE       =   ----    ----
   PDATA SIZE       =   ----    ----
   DATA SIZE        =   ----    ----
   IDATA SIZE       =   ----    ----
   BIT SIZE         =   ----    ----
END OF MODULE INFORMATION.


C51 COMPILATION COMPLETE.  0 WARNING(S),  0 ERROR(S)
