C51 COMPILER V9.60.7.0   PWM                                                               11/26/2024 13:59:09 PAGE 1   


C51 COMPILER V9.60.7.0, COMPILATION OF MODULE PWM
OBJECT MODULE PLACED IN .\Output\pwm.obj
COMPILER INVOKED BY: D:\APP\Keil_v5\C51\BIN\C51.EXE Src\pwm.c LARGE OPTIMIZE(8,SPEED) BROWSE INCDIR(.\Inc;D:\APP\Keil_v5
                    -\C51\INC) DEBUG OBJECTEXTEND PRINT(.\Listings\pwm.lst) OBJECT(.\Output\pwm.obj)

line level    source

   1          #include "STC15W4Kxx.h"
   2          #include "pwm.h"
   3          #include "timer.h"
   4          
   5          void PWM5Init(void)
   6          {
   7   1          PWMCFG = 0x08;              //配置PWM5的输出初始电平为高电平
   8   1          PWMCKS = 0x0b;              //选择PWM的时钟为Fosc/12
   9   1          
  10   1          PWMC = CYCLE;               //设置PWM周期 PWMCH PWMCL
  11   1          
  12   1          PWM5T1 = 0;                 //设置PWM5第1次反转的PWM计数
  13   1          PWM5T2 = 10;                //设置PWM5第2次反转的PWM计数 占空比为(PWM5T2-PWM5T1)/PWMC
  14   1                               
  15   1          PWM5CR = 0x00;              //选择PWM5输出到P2.3,不使能PWM5中断          
  16   1      }
  17          
  18          void PWMSet(unsigned int dat)
  19          {
  20   1          PWMStart();
  21   1          PWM5T2 = dat;
  22   1      }
  23          
  24          void PWMStart(void)
  25          {
  26   1          PWMCR = 0X88;
  27   1      }
  28          
  29          void PWMStop(void)
  30          {
  31   1          PWMCR = 0X00;
  32   1          PWMSet(10);
  33   1      }
  34          
  35          void wind_crl(unsigned char wind_num)
  36          {
  37   1          if(wind_bit == 1)       
  38   1          {
  39   2              switch(wind_num)
  40   2              {
  41   3                  case 0:
  42   3                      PWMStop();
  43   3                      break;
  44   3                  
  45   3                  case 1:
  46   3                      PWMSet(2000);
  47   3                      break;
  48   3                  
  49   3                  case 2:
  50   3                      PWMSet(2400);
  51   3                      break;
  52   3                  
  53   3                  case 3:
  54   3                      PWMSet(2800);
C51 COMPILER V9.60.7.0   PWM                                                               11/26/2024 13:59:09 PAGE 2   

  55   3                      break;
  56   3                  
  57   3                  case 4:
  58   3                      PWMSet(3200);
  59   3                      break;
  60   3                  
  61   3                  case 5:
  62   3                      PWMSet(3600);
  63   3                      break;
  64   3                  
  65   3                  case 6:
  66   3                      PWMSet(4000);
  67   3                      break;
  68   3              }
  69   2              
  70   2          }
  71   1          
  72   1      }


MODULE INFORMATION:   STATIC OVERLAYABLE
   CODE SIZE        =    152    ----
   CONSTANT SIZE    =   ----    ----
   XDATA SIZE       =   ----       2
   PDATA SIZE       =   ----    ----
   DATA SIZE        =   ----    ----
   IDATA SIZE       =   ----    ----
   BIT SIZE         =   ----    ----
END OF MODULE INFORMATION.


C51 COMPILATION COMPLETE.  0 WARNING(S),  0 ERROR(S)
